2025-04-04 10:27:34.983806 - Received CBT.V508.FILE483.PDS from FILE483.XMI 
2025-04-04 10:27:34.985403 - Found $$$$$DOC.txt (text/plain) in CBT.V508.FILE483.PDS, moved to PDS/$$$$$DOC
2025-04-04 10:27:34.986408 - Found $$$#DATE.txt (text/plain) in CBT.V508.FILE483.PDS, moved to PDS/$$$#DATE
2025-04-04 10:27:34.986722 - Found $INSLINE.txt (text/plain) in CBT.V508.FILE483.PDS, moved to PDS/$INSLINE
2025-04-04 10:27:34.986871 - Found $QCMD.txt (text/plain) in CBT.V508.FILE483.PDS, moved to PDS/$QCMD
2025-04-04 10:27:34.987003 - Found $QLPAR.txt (text/plain) in CBT.V508.FILE483.PDS, moved to PDS/$QLPAR
2025-04-04 10:27:34.987126 - Found $QSMS.txt (text/plain) in CBT.V508.FILE483.PDS, moved to PDS/$QSMS
2025-04-04 10:27:34.987257 - Found $QVTOC.txt (text/plain) in CBT.V508.FILE483.PDS, moved to PDS/$QVTOC
2025-04-04 10:27:34.987400 - Found @FILE483.txt (text/plain) in CBT.V508.FILE483.PDS, moved to PDS/@FILE483
2025-04-04 10:27:34.987521 - Found ADDMSG.txt (text/plain) in CBT.V508.FILE483.PDS, moved to PDS/ADDMSG
2025-04-04 10:27:34.987667 - Found AIACCTAB.jcl (text/plain) in CBT.V508.FILE483.PDS, moved to PDS/AIACCTAB
2025-04-04 10:27:34.987797 - Found CATCVTM.rexx (text/plain) in CBT.V508.FILE483.PDS, moved to PDS/CATCVTM
2025-04-04 10:27:34.987918 - Found DTOD.jcl (text/plain) in CBT.V508.FILE483.PDS, moved to PDS/DTOD
2025-04-04 10:27:34.988039 - Found IGDBCD.txt (text/plain) in CBT.V508.FILE483.PDS, moved to PDS/IGDBCD
2025-04-04 10:27:34.988157 - Found INSLINE.rexx (text/plain) in CBT.V508.FILE483.PDS, moved to PDS/INSLINE
2025-04-04 10:27:34.988323 - Found MM.bin (application/octet-stream) in CBT.V508.FILE483.PDS, moved to PDS/MM
2025-04-04 10:27:34.988477 - Found MMP.bin (application/octet-stream) in CBT.V508.FILE483.PDS, moved to PDS/MMP
2025-04-04 10:27:34.988601 - Found MMPH.bin (application/octet-stream) in CBT.V508.FILE483.PDS, moved to PDS/MMPH
2025-04-04 10:27:34.988734 - Found OMTREE.rexx (text/plain) in CBT.V508.FILE483.PDS, moved to PDS/OMTREE
2025-04-04 10:27:34.988864 - Found OMTREEH.txt (text/plain) in CBT.V508.FILE483.PDS, moved to PDS/OMTREEH
2025-04-04 10:27:34.988984 - Found OMTREE1.txt (text/plain) in CBT.V508.FILE483.PDS, moved to PDS/OMTREE1
2025-04-04 10:27:34.989113 - Found PRINTREG.txt (text/plain) in CBT.V508.FILE483.PDS, moved to PDS/PRINTREG
2025-04-04 10:27:34.989248 - Found QCMC.rexx (text/plain) in CBT.V508.FILE483.PDS, moved to PDS/QCMC
2025-04-04 10:27:34.989403 - Found QCMD.jcl (text/plain) in CBT.V508.FILE483.PDS, moved to PDS/QCMD
2025-04-04 10:27:34.989525 - Found QCMDREPL.jcl (text/plain) in CBT.V508.FILE483.PDS, moved to PDS/QCMDREPL
2025-04-04 10:27:34.989644 - Found QCMP010.txt (text/plain) in CBT.V508.FILE483.PDS, moved to PDS/QCMP010
2025-04-04 10:27:34.989760 - Found QCMSCRL.rexx (text/plain) in CBT.V508.FILE483.PDS, moved to PDS/QCMSCRL
2025-04-04 10:27:34.989879 - Found QLPAR.jcl (text/plain) in CBT.V508.FILE483.PDS, moved to PDS/QLPAR
2025-04-04 10:27:34.989994 - Found QSMS.jcl (text/plain) in CBT.V508.FILE483.PDS, moved to PDS/QSMS
2025-04-04 10:27:34.990112 - Found QSMSREXX.rexx (text/plain) in CBT.V508.FILE483.PDS, moved to PDS/QSMSREXX
2025-04-04 10:27:34.990239 - Found QSMS00.jcl (text/plain) in CBT.V508.FILE483.PDS, moved to PDS/QSMS00
2025-04-04 10:27:34.990370 - Found QTOD.jcl (text/plain) in CBT.V508.FILE483.PDS, moved to PDS/QTOD
2025-04-04 10:27:34.990497 - Found QUICKIE.xmi (application/xmit) in CBT.V508.FILE483.PDS, moved to PDS/QUICKIE.xmi
2025-04-04 10:27:35.003171 - Received SA1T.T750K.CBT483.LOAD from QUICKIE.xmi 
2025-04-04 10:27:35.003625 - Found AIACCTAB.bin (application/octet-stream) in SA1T.T750K.CBT483.LOAD, moved to QUICKIE/AIACCTAB
2025-04-04 10:27:35.003756 - Found QCMD.bin (application/octet-stream) in SA1T.T750K.CBT483.LOAD, moved to QUICKIE/QCMD
2025-04-04 10:27:35.003877 - Found QLPAR.bin (application/octet-stream) in SA1T.T750K.CBT483.LOAD, moved to QUICKIE/QLPAR
2025-04-04 10:27:35.004012 - Found QSMS.bin (application/octet-stream) in SA1T.T750K.CBT483.LOAD, moved to QUICKIE/QSMS
2025-04-04 10:27:35.004138 - Found QTOD.bin (application/octet-stream) in SA1T.T750K.CBT483.LOAD, moved to QUICKIE/QTOD
2025-04-04 10:27:35.004256 - Found QVTOC.bin (application/octet-stream) in SA1T.T750K.CBT483.LOAD, moved to QUICKIE/QVTOC
2025-04-04 10:27:35.004384 - Found Q522.bin (application/octet-stream) in SA1T.T750K.CBT483.LOAD, moved to QUICKIE/Q522
2025-04-04 10:27:35.004851 - Found QVTOC.jcl (text/plain) in CBT.V508.FILE483.PDS, moved to PDS/QVTOC
2025-04-04 10:27:35.005011 - Found Q522.jcl (text/plain) in CBT.V508.FILE483.PDS, moved to PDS/Q522
2025-04-04 10:27:35.005148 - Found TODPRINT.txt (text/plain) in CBT.V508.FILE483.PDS, moved to PDS/TODPRINT
2025-04-04 10:27:35.005282 - Found WORM.bin (application/octet-stream) in CBT.V508.FILE483.PDS, moved to PDS/WORM
2025-04-04 10:27:35.005404 - Found WORMP.bin (application/octet-stream) in CBT.V508.FILE483.PDS, moved to PDS/WORMP
2025-04-04 10:27:35.005528 - Found WORMPH.txt (text/plain) in CBT.V508.FILE483.PDS, moved to PDS/WORMPH
